elizawaddell:~/workspace (controller-generator) $ git checkout -b model-generator
Switched to a new branch 'model-generator'
elizawaddell:~/workspace (model-generator) $ rails g model skill title:string perecent_utilized:integer
Usage:
  rails new APP_PATH [options]

Options:
  -r, [--ruby=PATH]                                      # Path to the Ruby binary of your choice
                                                         # Default: /usr/local/rvm/rubies/ruby-2.4.0/bin/ruby
  -m, [--template=TEMPLATE]                              # Path to some application template (can be a filesystem path or URL)
  -d, [--database=DATABASE]                              # Preconfigure for selected database (options: mysql/postgresql/sqlite3/oracle/frontbase/ibm_db/sqlserver/jdbcmysql/jdbcsqlite3/jdbcpostgresql/jdbc)
                                                         # Default: sqlite3
      [--webpack=WEBPACK]                                # Preconfigure for app-like JavaScript with Webpack (options: react/vue/angular)
      [--skip-yarn], [--no-skip-yarn]                    # Don't use Yarn for managing JavaScript dependencies
      [--skip-gemfile], [--no-skip-gemfile]              # Don't create a Gemfile
  -G, [--skip-git], [--no-skip-git]                      # Skip .gitignore file
      [--skip-keeps], [--no-skip-keeps]                  # Skip source control .keep files
  -M, [--skip-action-mailer], [--no-skip-action-mailer]  # Skip Action Mailer files
  -O, [--skip-active-record], [--no-skip-active-record]  # Skip Active Record files
  -P, [--skip-puma], [--no-skip-puma]                    # Skip Puma related files
  -C, [--skip-action-cable], [--no-skip-action-cable]    # Skip Action Cable files
  -S, [--skip-sprockets], [--no-skip-sprockets]          # Skip Sprockets files
      [--skip-spring], [--no-skip-spring]                # Don't install Spring application preloader
      [--skip-listen], [--no-skip-listen]                # Don't generate configuration that depends on the listen gem
      [--skip-coffee], [--no-skip-coffee]                # Don't use CoffeeScript
  -J, [--skip-javascript], [--no-skip-javascript]        # Skip JavaScript files
      [--skip-turbolinks], [--no-skip-turbolinks]        # Skip turbolinks gem
  -T, [--skip-test], [--no-skip-test]                    # Skip test files
      [--skip-system-test], [--no-skip-system-test]      # Skip system test files
      [--dev], [--no-dev]                                # Setup the application with Gemfile pointing to your Rails checkout
      [--edge], [--no-edge]                              # Setup the application with Gemfile pointing to Rails repository
      [--rc=RC]                                          # Path to file containing extra configuration options for rails command
      [--no-rc], [--no-no-rc]                            # Skip loading of extra configuration options from .railsrc file
      [--api], [--no-api]                                # Preconfigure smaller stack for API only apps
  -B, [--skip-bundle], [--no-skip-bundle]                # Don't run bundle install

Runtime options:
  -f, [--force]                    # Overwrite files that already exist
  -p, [--pretend], [--no-pretend]  # Run but do not make any changes
  -q, [--quiet], [--no-quiet]      # Suppress status output
  -s, [--skip], [--no-skip]        # Skip files that already exist

Rails options:
  -h, [--help], [--no-help]        # Show this help message and quit
  -v, [--version], [--no-version]  # Show Rails version number and quit

Description:
    The 'rails new' command creates a new Rails application with a default
    directory structure and configuration at the path you specify.

    You can specify extra command-line arguments to be used every time
    'rails new' runs in the .railsrc configuration file in your home directory.

    Note that the arguments specified in the .railsrc file don't affect the
    defaults values shown above in this help message.

Example:
    rails new ~/Code/Ruby/weblog

    This generates a skeletal Rails installation in ~/Code/Ruby/weblog.
elizawaddell:~/workspace (model-generator) $ rails db:migrate
Usage:
  rails new APP_PATH [options]

Options:
  -r, [--ruby=PATH]                                      # Path to the Ruby binary of your choice
                                                         # Default: /usr/local/rvm/rubies/ruby-2.4.0/bin/ruby
  -m, [--template=TEMPLATE]                              # Path to some application template (can be a filesystem path or URL)
  -d, [--database=DATABASE]                              # Preconfigure for selected database (options: mysql/postgresql/sqlite3/oracle/frontbase/ibm_db/sqlserver/jdbcmysql/jdbcsqlite3/jdbcpostgresql/jdbc)
                                                         # Default: sqlite3
      [--webpack=WEBPACK]                                # Preconfigure for app-like JavaScript with Webpack (options: react/vue/angular)
      [--skip-yarn], [--no-skip-yarn]                    # Don't use Yarn for managing JavaScript dependencies
      [--skip-gemfile], [--no-skip-gemfile]              # Don't create a Gemfile
  -G, [--skip-git], [--no-skip-git]                      # Skip .gitignore file
      [--skip-keeps], [--no-skip-keeps]                  # Skip source control .keep files
  -M, [--skip-action-mailer], [--no-skip-action-mailer]  # Skip Action Mailer files
  -O, [--skip-active-record], [--no-skip-active-record]  # Skip Active Record files
  -P, [--skip-puma], [--no-skip-puma]                    # Skip Puma related files
  -C, [--skip-action-cable], [--no-skip-action-cable]    # Skip Action Cable files
  -S, [--skip-sprockets], [--no-skip-sprockets]          # Skip Sprockets files
      [--skip-spring], [--no-skip-spring]                # Don't install Spring application preloader
      [--skip-listen], [--no-skip-listen]                # Don't generate configuration that depends on the listen gem
      [--skip-coffee], [--no-skip-coffee]                # Don't use CoffeeScript
  -J, [--skip-javascript], [--no-skip-javascript]        # Skip JavaScript files
      [--skip-turbolinks], [--no-skip-turbolinks]        # Skip turbolinks gem
  -T, [--skip-test], [--no-skip-test]                    # Skip test files
      [--skip-system-test], [--no-skip-system-test]      # Skip system test files
      [--dev], [--no-dev]                                # Setup the application with Gemfile pointing to your Rails checkout
      [--edge], [--no-edge]                              # Setup the application with Gemfile pointing to Rails repository
      [--rc=RC]                                          # Path to file containing extra configuration options for rails command
      [--no-rc], [--no-no-rc]                            # Skip loading of extra configuration options from .railsrc file
      [--api], [--no-api]                                # Preconfigure smaller stack for API only apps
  -B, [--skip-bundle], [--no-skip-bundle]                # Don't run bundle install

Runtime options:
  -f, [--force]                    # Overwrite files that already exist
  -p, [--pretend], [--no-pretend]  # Run but do not make any changes
  -q, [--quiet], [--no-quiet]      # Suppress status output
  -s, [--skip], [--no-skip]        # Skip files that already exist

Rails options:
  -h, [--help], [--no-help]        # Show this help message and quit
  -v, [--version], [--no-version]  # Show Rails version number and quit

Description:
    The 'rails new' command creates a new Rails application with a default
    directory structure and configuration at the path you specify.

    You can specify extra command-line arguments to be used every time
    'rails new' runs in the .railsrc configuration file in your home directory.

    Note that the arguments specified in the .railsrc file don't affect the
    defaults values shown above in this help message.

Example:
    rails new ~/Code/Ruby/weblog

    This generates a skeletal Rails installation in ~/Code/Ruby/weblog.
elizawaddell:~/workspace (model-generator) $ rails c
Usage:
  rails new APP_PATH [options]

Options:
  -r, [--ruby=PATH]                                      # Path to the Ruby binary of your choice
                                                         # Default: /usr/local/rvm/rubies/ruby-2.4.0/bin/ruby
  -m, [--template=TEMPLATE]                              # Path to some application template (can be a filesystem path or URL)
  -d, [--database=DATABASE]                              # Preconfigure for selected database (options: mysql/postgresql/sqlite3/oracle/frontbase/ibm_db/sqlserver/jdbcmysql/jdbcsqlite3/jdbcpostgresql/jdbc)
                                                         # Default: sqlite3
      [--webpack=WEBPACK]                                # Preconfigure for app-like JavaScript with Webpack (options: react/vue/angular)
      [--skip-yarn], [--no-skip-yarn]                    # Don't use Yarn for managing JavaScript dependencies
      [--skip-gemfile], [--no-skip-gemfile]              # Don't create a Gemfile
  -G, [--skip-git], [--no-skip-git]                      # Skip .gitignore file
      [--skip-keeps], [--no-skip-keeps]                  # Skip source control .keep files
  -M, [--skip-action-mailer], [--no-skip-action-mailer]  # Skip Action Mailer files
  -O, [--skip-active-record], [--no-skip-active-record]  # Skip Active Record files
  -P, [--skip-puma], [--no-skip-puma]                    # Skip Puma related files
  -C, [--skip-action-cable], [--no-skip-action-cable]    # Skip Action Cable files
  -S, [--skip-sprockets], [--no-skip-sprockets]          # Skip Sprockets files
      [--skip-spring], [--no-skip-spring]                # Don't install Spring application preloader
      [--skip-listen], [--no-skip-listen]                # Don't generate configuration that depends on the listen gem
      [--skip-coffee], [--no-skip-coffee]                # Don't use CoffeeScript
  -J, [--skip-javascript], [--no-skip-javascript]        # Skip JavaScript files
      [--skip-turbolinks], [--no-skip-turbolinks]        # Skip turbolinks gem
  -T, [--skip-test], [--no-skip-test]                    # Skip test files
      [--skip-system-test], [--no-skip-system-test]      # Skip system test files
      [--dev], [--no-dev]                                # Setup the application with Gemfile pointing to your Rails checkout
      [--edge], [--no-edge]                              # Setup the application with Gemfile pointing to Rails repository
      [--rc=RC]                                          # Path to file containing extra configuration options for rails command
      [--no-rc], [--no-no-rc]                            # Skip loading of extra configuration options from .railsrc file
      [--api], [--no-api]                                # Preconfigure smaller stack for API only apps
  -B, [--skip-bundle], [--no-skip-bundle]                # Don't run bundle install

Runtime options:
  -f, [--force]                    # Overwrite files that already exist
  -p, [--pretend], [--no-pretend]  # Run but do not make any changes
  -q, [--quiet], [--no-quiet]      # Suppress status output
  -s, [--skip], [--no-skip]        # Skip files that already exist

Rails options:
  -h, [--help], [--no-help]        # Show this help message and quit
  -v, [--version], [--no-version]  # Show Rails version number and quit

Description:
    The 'rails new' command creates a new Rails application with a default
    directory structure and configuration at the path you specify.

    You can specify extra command-line arguments to be used every time
    'rails new' runs in the .railsrc configuration file in your home directory.

    Note that the arguments specified in the .railsrc file don't affect the
    defaults values shown above in this help message.

Example:
    rails new ~/Code/Ruby/weblog

    This generates a skeletal Rails installation in ~/Code/Ruby/weblog.
elizawaddell:~/workspace (model-generator) $ skill.create!(title: "Rails", percent_complete: 75)
bash: skill.create!(title: Rails, percent_complete: 75): command not found
elizawaddell:~/workspace (model-generator) $ skill.create!(title: "Rails", percent_completed: 75)                   
bash: skill.create!(title: Rails, percent_completed: 75): command not found
elizawaddell:~/workspace (model-generator) $ skill.create!(title: "Rails", percent_utilized: 75)                    
bash: skill.create!(title: Rails, percent_utilized: 75): command not found
elizawaddell:~/workspace (model-generator) $ blog.all
bash: blog.all: command not found
elizawaddell:~/workspace (model-generator) $ skill.all
bash: skill.all: command not found
elizawaddell:~/workspace (model-generator) $ git status
On branch model-generator
nothing to commit, working tree clean
elizawaddell:~/workspace (model-generator) $ git add .
elizawaddell:~/workspace (model-generator) $ git commit -m "Integrated skills via model generator"
On branch model-generator
nothing to commit, working tree clean
elizawaddell:~/workspace (model-generator) $ git checkout master
Switched to branch 'master'
elizawaddell:~/workspace (master) $ git merge model-generator
Updating 860e17a..be41563
Fast-forward
 AppName/README.md                     |   4 +
 .../assets/javascripts/pages.coffee   |   3 +
 .../app/assets/stylesheets/pages.scss |   3 +
 .../controllers/pages_controller.rb   |  10 +
 AppName/app/helpers/pages_helper.rb   |   2 +
 .../app/views/pages/about.html.erb    |   2 +
 .../app/views/pages/contact.html.erb  |   2 +
 AppName/app/views/pages/home.html.erb |   2 +
 AppName/config/routes.rb              |   6 +
 Untitled1                             | 242 ++++++++++++
 Untitled3                             | 242 ++++++++++++
 11 files changed, 518 insertions(+)
 create mode 100644 AppName/app/assets/javascripts/pages.coffee
 create mode 100644 AppName/app/assets/stylesheets/pages.scss
 create mode 100644 AppName/app/controllers/pages_controller.rb
 create mode 100644 AppName/app/helpers/pages_helper.rb
 create mode 100644 AppName/app/views/pages/about.html.erb
 create mode 100644 AppName/app/views/pages/contact.html.erb
 create mode 100644 AppName/app/views/pages/home.html.erb
 create mode 100644 Untitled1
 create mode 100644 Untitled3
elizawaddell:~/workspace (master) $ git push
Warning: Permanently added 'github.com,192.30.255.112' (RSA) to the list of known hosts.
To github.com:elizawaddell/elizaCTS.git
 ! [rejected]        master -> master (non-fast-forward)
error: failed to push some refs to 'git@github.com:elizawaddell/elizaCTS.git'
hint: Updates were rejected because the tip of your current branch is behind
hint: its remote counterpart. Integrate the remote changes (e.g.
hint: 'git pull ...') before pushing again.
hint: See the 'Note about fast-forwards' in 'git push --help' for details.
elizawaddell:~/workspace (master) $ git branch
  controller-generator
* master
  model-generator
  my-great-feature
elizawaddell:~/workspace (master) $ git checkout -b resource-generator
Switched to a new branch 'resource-generator'
elizawaddell:~/workspace (resource-generator) $ rails g resource Portfolio tilte:string subtitle:string body:text main_image:text thumb_image:text
Usage:
  rails new APP_PATH [options]

Options:
  -r, [--ruby=PATH]                                      # Path to the Ruby binary of your choice
                                                         # Default: /usr/local/rvm/rubies/ruby-2.4.0/bin/ruby
  -m, [--template=TEMPLATE]                              # Path to some application template (can be a filesystem path or URL)
  -d, [--database=DATABASE]                              # Preconfigure for selected database (options: mysql/postgresql/sqlite3/oracle/frontbase/ibm_db/sqlserver/jdbcmysql/jdbcsqlite3/jdbcpostgresql/jdbc)
                                                         # Default: sqlite3
      [--webpack=WEBPACK]                                # Preconfigure for app-like JavaScript with Webpack (options: react/vue/angular)
      [--skip-yarn], [--no-skip-yarn]                    # Don't use Yarn for managing JavaScript dependencies
      [--skip-gemfile], [--no-skip-gemfile]              # Don't create a Gemfile
  -G, [--skip-git], [--no-skip-git]                      # Skip .gitignore file
      [--skip-keeps], [--no-skip-keeps]                  # Skip source control .keep files
  -M, [--skip-action-mailer], [--no-skip-action-mailer]  # Skip Action Mailer files
  -O, [--skip-active-record], [--no-skip-active-record]  # Skip Active Record files
  -P, [--skip-puma], [--no-skip-puma]                    # Skip Puma related files
  -C, [--skip-action-cable], [--no-skip-action-cable]    # Skip Action Cable files
  -S, [--skip-sprockets], [--no-skip-sprockets]          # Skip Sprockets files
      [--skip-spring], [--no-skip-spring]                # Don't install Spring application preloader
      [--skip-listen], [--no-skip-listen]                # Don't generate configuration that depends on the listen gem
      [--skip-coffee], [--no-skip-coffee]                # Don't use CoffeeScript
  -J, [--skip-javascript], [--no-skip-javascript]        # Skip JavaScript files
      [--skip-turbolinks], [--no-skip-turbolinks]        # Skip turbolinks gem
  -T, [--skip-test], [--no-skip-test]                    # Skip test files
      [--skip-system-test], [--no-skip-system-test]      # Skip system test files
      [--dev], [--no-dev]                                # Setup the application with Gemfile pointing to your Rails checkout
      [--edge], [--no-edge]                              # Setup the application with Gemfile pointing to Rails repository
      [--rc=RC]                                          # Path to file containing extra configuration options for rails command
      [--no-rc], [--no-no-rc]                            # Skip loading of extra configuration options from .railsrc file
      [--api], [--no-api]                                # Preconfigure smaller stack for API only apps
  -B, [--skip-bundle], [--no-skip-bundle]                # Don't run bundle install

Runtime options:
  -f, [--force]                    # Overwrite files that already exist
  -p, [--pretend], [--no-pretend]  # Run but do not make any changes
  -q, [--quiet], [--no-quiet]      # Suppress status output
  -s, [--skip], [--no-skip]        # Skip files that already exist

Rails options:
  -h, [--help], [--no-help]        # Show this help message and quit
  -v, [--version], [--no-version]  # Show Rails version number and quit

Description:
    The 'rails new' command creates a new Rails application with a default
    directory structure and configuration at the path you specify.

    You can specify extra command-line arguments to be used every time
    'rails new' runs in the .railsrc configuration file in your home directory.

    Note that the arguments specified in the .railsrc file don't affect the
    defaults values shown above in this help message.

Example:
    rails new ~/Code/Ruby/weblog

    This generates a skeletal Rails installation in ~/Code/Ruby/weblog.
elizawaddell:~/workspace (resource-generator) $ rails db:migrate
Usage:
  rails new APP_PATH [options]

Options:
  -r, [--ruby=PATH]                                      # Path to the Ruby binary of your choice
                                                         # Default: /usr/local/rvm/rubies/ruby-2.4.0/bin/ruby
  -m, [--template=TEMPLATE]                              # Path to some application template (can be a filesystem path or URL)
  -d, [--database=DATABASE]                              # Preconfigure for selected database (options: mysql/postgresql/sqlite3/oracle/frontbase/ibm_db/sqlserver/jdbcmysql/jdbcsqlite3/jdbcpostgresql/jdbc)
                                                         # Default: sqlite3
      [--webpack=WEBPACK]                                # Preconfigure for app-like JavaScript with Webpack (options: react/vue/angular)
      [--skip-yarn], [--no-skip-yarn]                    # Don't use Yarn for managing JavaScript dependencies
      [--skip-gemfile], [--no-skip-gemfile]              # Don't create a Gemfile
  -G, [--skip-git], [--no-skip-git]                      # Skip .gitignore file
      [--skip-keeps], [--no-skip-keeps]                  # Skip source control .keep files
  -M, [--skip-action-mailer], [--no-skip-action-mailer]  # Skip Action Mailer files
  -O, [--skip-active-record], [--no-skip-active-record]  # Skip Active Record files
  -P, [--skip-puma], [--no-skip-puma]                    # Skip Puma related files
  -C, [--skip-action-cable], [--no-skip-action-cable]    # Skip Action Cable files
  -S, [--skip-sprockets], [--no-skip-sprockets]          # Skip Sprockets files
      [--skip-spring], [--no-skip-spring]                # Don't install Spring application preloader
      [--skip-listen], [--no-skip-listen]                # Don't generate configuration that depends on the listen gem
      [--skip-coffee], [--no-skip-coffee]                # Don't use CoffeeScript
  -J, [--skip-javascript], [--no-skip-javascript]        # Skip JavaScript files
      [--skip-turbolinks], [--no-skip-turbolinks]        # Skip turbolinks gem
  -T, [--skip-test], [--no-skip-test]                    # Skip test files
      [--skip-system-test], [--no-skip-system-test]      # Skip system test files
      [--dev], [--no-dev]                                # Setup the application with Gemfile pointing to your Rails checkout
      [--edge], [--no-edge]                              # Setup the application with Gemfile pointing to Rails repository
      [--rc=RC]                                          # Path to file containing extra configuration options for rails command
      [--no-rc], [--no-no-rc]                            # Skip loading of extra configuration options from .railsrc file
      [--api], [--no-api]                                # Preconfigure smaller stack for API only apps
  -B, [--skip-bundle], [--no-skip-bundle]                # Don't run bundle install

Runtime options:
  -f, [--force]                    # Overwrite files that already exist
  -p, [--pretend], [--no-pretend]  # Run but do not make any changes
  -q, [--quiet], [--no-quiet]      # Suppress status output
  -s, [--skip], [--no-skip]        # Skip files that already exist

Rails options:
  -h, [--help], [--no-help]        # Show this help message and quit
  -v, [--version], [--no-version]  # Show Rails version number and quit

Description:
    The 'rails new' command creates a new Rails application with a default
    directory structure and configuration at the path you specify.

    You can specify extra command-line arguments to be used every time
    'rails new' runs in the .railsrc configuration file in your home directory.

    Note that the arguments specified in the .railsrc file don't affect the
    defaults values shown above in this help message.

Example:
    rails new ~/Code/Ruby/weblog

    This generates a skeletal Rails installation in ~/Code/Ruby/weblog.
elizawaddell:~/workspace (resource-generator) $ git statusOn branch resource-generator
nothing to commit, working tree clean
elizawaddell:~/workspace (resource-generator) $ git add .
elizawaddell:~/workspace (resource-generator) $ git commit -m "Added portfolio items via Resource generator"
On branch resource-generator
nothing to commit, working tree clean
elizawaddell:~/workspace (resource-generator) $ git checkout master
Switched to branch 'master'
elizawaddell:~/workspace (master) $ git merge resource-generator
Already up-to-date.
elizawaddell:~/workspace (master) $ git push
Warning: Permanently added 'github.com,192.30.255.113' (RSA) to the list of known hosts.
To github.com:elizawaddell/elizaCTS.git
 ! [rejected]        master -> master (non-fast-forward)
error: failed to push some refs to 'git@github.com:elizawaddell/elizaCTS.git'
hint: Updates were rejected because the tip of your current branch is behind
hint: its remote counterpart. Integrate the remote changes (e.g.
hint: 'git pull ...') before pushing again.
hint: See the 'Note about fast-forwards' in 'git push --help' for details.
elizawaddell:~/workspace (master) $ 