elizawaddell:~/workspace $ ls
AppName/  README.md
elizawaddell:~/workspace $ git init
Initialized empty Git repository in /home/ubuntu/workspace/.git/
elizawaddell:~/workspace (master) $ git status
elizawaddell:~/workspace (master) $ ssh-keygen -t rsa -b 4096 -C "your_email@example.com"
Generating public/private rsa key pair.
Enter file in which to save the key (/home/ubuntu/.ssh/id_rsa): 
/home/ubuntu/.ssh/id_rsa already exists.
Overwrite (y/n)? y
Enter passphrase (empty for no passphrase): 
Enter same passphrase again: 
Your identification has been saved in /home/ubuntu/.ssh/id_rsa.
Your public key has been saved in /home/ubuntu/.ssh/id_rsa.pub.
The key fingerprint is:
6d:25:5f:83:4f:10:65:6a:6f:ce:dd:79:87:7e:90:a3 your_email@example.com
The key's randomart image is:
+--[ RSA 4096]----+
|            ooo  |
|             =   |
|          . = +  |
|         . = = . |
|        S o . +. |
|         .   ++oo|
|             .++=|
|            E.  +|
|              .. |
+-----------------+
elizawaddell:~/workspace (master) $ eval $(ssh-agent -s)
Agent pid 2557
elizawaddell:~/workspace (master) $ ssh-add ~/.ssh/id_rsa
Enter passphrase for /home/ubuntu/.ssh/id_rsa: 
Identity added: /home/ubuntu/.ssh/id_rsa (/home/ubuntu/.ssh/id_rsa)
elizawaddell:~/workspace (master) $ cat~/.ssh/id_rsa.pub
bash: cat~/.ssh/id_rsa.pub: No such file or directory
elizawaddell:~/workspace (master) $ cat ~/.ssh/id_rsa.pub
ssh-rsa AAAAB3NzaC1yc2EAAAADAQABAAACAQC6Dq2I5UUvtIZ1S6ZoiIpd82KnsymzG+QDaBNVLQ0UtnZmS2JzdUUqnvFglLGk4n/TImFX22H5i8/5+9pOeX/UWQLZ7mvxwv65b95Nq8DdwsCUdZWEdxyT0qPP3dc1cmVpYaevDn1ctgijaztsCFBB8CTbf0+3rat51gSafxnpSJLbhF7xNTkorwMU2Nwjs2s/jM1bPKQCq+9TUVCABTq60fFbByqmIbrvui2BP6HopH5xpt29s9eeaA+k4V1O6Xa0h2DSraF0fTJvsS7lqMEpM508FsIgd4930YeSbTnxUor5LVAbFhM8geeiqwdvK0ArMSsTI3PlpQNAmXmZ+kpkmac6tVIVqLohMAkroA3GcQKOw/NIfv+cqeFlopdyQzbGN1+U1rtr1EuMSFTnONKIDyFg523a8yInTLNTEx/104b3IK/ABHb/84gxCLq8wUAafwUJPKQUihqZ1hKDKzjvHk6pSgXAl4k09ecEHnvRafULJIEsR7eJ2o+CDW9YP8gf1RUwuC+DMfiqM/pQnuH4W2b9m1xVLkdXMb2SovEOve5SwRlUYSLEDwp8dkutoGjaiDGJvIU1urfg32NzyJ8rNNzyEqWbsZpqO71UYYlEE/EcCCksBLk9FW3iZx//EXZ7vas1GgBQ3FvhCtQfAZBpcxHk2A0OD6UUnamoETarYQ== your_email@example.com
elizawaddell:~/workspace (master) $ git status
On branch master

Initial commit

Untracked files:
  (use "git add <file>..." to include in what will be committed)

        AppName/
        README.md

nothing added to commit but untracked files present (use "git add" to track)
elizawaddell:~/workspace (master) $ git cheqkout config/secrets.yml
git: 'cheqkout' is not a git command. See 'git --help'.

Did you mean this?
        checkout
elizawaddell:~/workspace (master) $ checkout cinfig/secrets.yml
bash: checkout: command not found
elizawaddell:~/workspace (master) $ git rm . -r --cached
fatal: pathspec '.' did not match any files
elizawaddell:~/workspace (master) $ git status
On branch master

Initial commit

Untracked files:
  (use "git add <file>..." to include in what will be committed)

        AppName/
        README.md

nothing added to commit but untracked files present (use "git add" to track)
elizawaddell:~/workspace (master) $ 